{"type":"server-started","port":53285,"host":"127.0.0.1","url_host":"localhost","url":"http://localhost:53285","screen_dir":"/Users/shrla/Library/Mobile Documents/com~apple~CloudDocs/private/spencer-portfolio/.superpowers/brainstorm/66383-1778301586/content","state_dir":"/Users/shrla/Library/Mobile Documents/com~apple~CloudDocs/private/spencer-portfolio/.superpowers/brainstorm/66383-1778301586/state"}
{"type":"screen-added","file":"/Users/shrla/Library/Mobile Documents/com~apple~CloudDocs/private/spencer-portfolio/.superpowers/brainstorm/66383-1778301586/content/design-direction.html"}
{"type":"screen-updated","file":"/Users/shrla/Library/Mobile Documents/com~apple~CloudDocs/private/spencer-portfolio/.superpowers/brainstorm/66383-1778301586/content/design-direction.html"}
{"type":"screen-updated","file":"/Users/shrla/Library/Mobile Documents/com~apple~CloudDocs/private/spencer-portfolio/.superpowers/brainstorm/66383-1778301586/content/design-direction.html"}
{"type":"screen-updated","file":"/Users/shrla/Library/Mobile Documents/com~apple~CloudDocs/private/spencer-portfolio/.superpowers/brainstorm/66383-1778301586/content/design-direction.html"}
{"type":"screen-added","file":"/Users/shrla/Library/Mobile Documents/com~apple~CloudDocs/private/spencer-portfolio/.superpowers/brainstorm/66383-1778301586/content/mixed-direction.html"}
{"type":"screen-updated","file":"/Users/shrla/Library/Mobile Documents/com~apple~CloudDocs/private/spencer-portfolio/.superpowers/brainstorm/66383-1778301586/content/mixed-direction.html"}
{"type":"screen-updated","file":"/Users/shrla/Library/Mobile Documents/com~apple~CloudDocs/private/spencer-portfolio/.superpowers/brainstorm/66383-1778301586/content/mixed-direction.html"}
{"type":"screen-updated","file":"/Users/shrla/Library/Mobile Documents/com~apple~CloudDocs/private/spencer-portfolio/.superpowers/brainstorm/66383-1778301586/content/mixed-direction.html"}
{"type":"screen-added","file":"/Users/shrla/Library/Mobile Documents/com~apple~CloudDocs/private/spencer-portfolio/.superpowers/brainstorm/66383-1778301586/content/hero-layout.html"}
{"type":"screen-updated","file":"/Users/shrla/Library/Mobile Documents/com~apple~CloudDocs/private/spencer-portfolio/.superpowers/brainstorm/66383-1778301586/content/hero-layout.html"}
{"type":"screen-updated","file":"/Users/shrla/Library/Mobile Documents/com~apple~CloudDocs/private/spencer-portfolio/.superpowers/brainstorm/66383-1778301586/content/hero-layout.html"}
{"type":"screen-updated","file":"/Users/shrla/Library/Mobile Documents/com~apple~CloudDocs/private/spencer-portfolio/.superpowers/brainstorm/66383-1778301586/content/hero-layout.html"}
{"type":"screen-added","file":"/Users/shrla/Library/Mobile Documents/com~apple~CloudDocs/private/spencer-portfolio/.superpowers/brainstorm/66383-1778301586/content/hero-combined.html"}
{"type":"screen-updated","file":"/Users/shrla/Library/Mobile Documents/com~apple~CloudDocs/private/spencer-portfolio/.superpowers/brainstorm/66383-1778301586/content/hero-combined.html"}
{"type":"screen-updated","file":"/Users/shrla/Library/Mobile Documents/com~apple~CloudDocs/private/spencer-portfolio/.superpowers/brainstorm/66383-1778301586/content/hero-combined.html"}
{"type":"screen-updated","file":"/Users/shrla/Library/Mobile Documents/com~apple~CloudDocs/private/spencer-portfolio/.superpowers/brainstorm/66383-1778301586/content/hero-combined.html"}
{"type":"screen-added","file":"/Users/shrla/Library/Mobile Documents/com~apple~CloudDocs/private/spencer-portfolio/.superpowers/brainstorm/66383-1778301586/content/waiting.html"}
{"type":"screen-updated","file":"/Users/shrla/Library/Mobile Documents/com~apple~CloudDocs/private/spencer-portfolio/.superpowers/brainstorm/66383-1778301586/content/waiting.html"}
{"type":"screen-updated","file":"/Users/shrla/Library/Mobile Documents/com~apple~CloudDocs/private/spencer-portfolio/.superpowers/brainstorm/66383-1778301586/content/waiting.html"}
{"type":"screen-updated","file":"/Users/shrla/Library/Mobile Documents/com~apple~CloudDocs/private/spencer-portfolio/.superpowers/brainstorm/66383-1778301586/content/waiting.html"}
{"type":"server-stopped","reason":"idle timeout"}
